<!DOCTYPE html>
<html>

<head>
    <title>Where the dogs at?</title>
    <link rel="stylesheet" type="text/css" href="./style.css" />
    <meta name="viewport" content="width=device-width">
</head>

<body>

    <!-- prettier-ignore -->
    <script>(g => {var h, a, k, p = "The Google Maps JavaScript API", c = "google", l = "importLibrary", q = "__ib__", m = document, b = window; b = b[c] || (b[c] = {}); var d = b.maps || (b.maps = {}), r = new Set, e = new URLSearchParams, u = () => h || (h = new Promise(async (f, n) => {await (a = m.createElement("script")); e.set("libraries", [...r] + ""); for (k in g) e.set(k.replace(/[A-Z]/g, t => "_" + t[0].toLowerCase()), g[k]); e.set("callback", c + ".maps." + q); a.src = `https://maps.${c}apis.com/maps/api/js?` + e; d[q] = f; a.onerror = () => h = n(Error(p + " could not load.")); a.nonce = m.querySelector("script[nonce]")?.nonce || ""; m.head.append(a)})); d[l] ? console.warn(p + " only loads once. Ignoring:", g) : d[l] = (f, ...n) => r.add(f) && u().then(() => d[l](f, ...n))})
            ({key: "AIzaSyB0FKeUYe8BFsEkI_5jHZ2FdiryplM_bQY", v: "weekly"});</script>
    <script>

        let map;

        const home = {lat: LAT_PLACEHOLDER, lng: LNG_PLACEHOLDER};

        async function initMap() {
            const {Map, Circle} = await google.maps.importLibrary("maps");
            const {Marker, AdvancedMarkerElement, PinElement} = await google.maps.importLibrary("marker");
            const bounds = new google.maps.LatLngBounds();

            function makeMarker(map, name, colour, lat, lng, accuracyRadius, note) {
                // Make a DOM element to go in the pin element. Allows us to put the letter inside the marker.
                var ele = document.createElement('div')
                ele.innerHTML = name[0]
                ele.style.color = "white"
                ele.style.fontSize = "16px"
                ele.style.fontWeight = "bold"

                // Make a Pin Element to go in the marker. Allows us to style the marker.
                const pe = new PinElement({
                    glyphColor: "white",
                    borderColor: "black",
                    background: colour,
                    glyph: ele
                })

                // Make a Marker to go on the map at a particular coordinate.
                const marker = new AdvancedMarkerElement({
                    map: map,
                    position: {
                        lat: lat,
                        lng: lng
                    },
                    content: pe.element,
                });

                bounds.extend({lat: lat, lng: lng});

                // Make an Info Window
                const infoWindow = new google.maps.InfoWindow({
                    content: note,
                });

                // Show the info window on click.
                marker.addListener("click", () => {
                    infoWindow.open({
                        anchor: marker,
                        map,
                    });
                });

                // Make a circle to show the GPS accuracy.
                const circle = new Circle({
                    map: map,
                    radius: accuracyRadius,
                    fillColor: COLOUR_AGO_PLACEHOLDER,
<<<<<<< Updated upstream
<<<<<<< Updated upstream
                    fillOpacity: 0.ACCURACY_RADIUS_PLACEHOLDER
                    strokeColor: COLOUR_AGO_PLACEHOLDER,
                    strokeOpacity: 0.ACCURACY_RADIUS_PLACEHOLDER
                    strokeWeight: 2.ACCURACY_RADIUS_PLACEHOLDER
=======
                    fillOpacity: 0.POSACC_PLACEHOLDER
                    strokeColor: COLOUR_AGO_PLACEHOLDER,
                    strokeOpacity: 0.POSACC_PLACEHOLDER
                    strokeWeight: 2.POSACC_PLACEHOLDER
>>>>>>> Stashed changes
=======
                    fillOpacity: 0.POSACC_PLACEHOLDER
                    strokeColor: COLOUR_AGO_PLACEHOLDER,
                    strokeOpacity: 0.POSACC_PLACEHOLDER
                    strokeWeight: 2.POSACC_PLACEHOLDER
>>>>>>> Stashed changes
                    center: {
                        lat: lat,
                        lng: lng
                    }
                });

            }

            // Put together the map and markers
            map = new Map(document.getElementById("map"), {
                center: home,
<<<<<<< Updated upstream
<<<<<<< Updated upstream
                zoom: ACCURACY_RADIUS_PLACEHOLDER
=======
                zoom: POSACC_PLACEHOLDER
>>>>>>> Stashed changes
=======
                zoom: POSACC_PLACEHOLDER
>>>>>>> Stashed changes
                mapId: "HOME_MAP",
                mapTypeId: 'satellite'
            });

<<<<<<< Updated upstream
<<<<<<< Updated upstream
            makeMarker(map, "Rueger", COLOUR_AGO_PLACEHOLDER, COORDINATE_PLACEHOLDER, COORDINATE_PLACEHOLDER, ACCURACY_RADIUS_PLACEHOLDER "Last GPS: TIME_AGO_PLACEHOLDER<br>Last Checkin: TIME_AGO_PLACEHOLDER<br>Reason: HeartbeatStatus<br>Battery: BATTERY_VOLTAGE_PLACEHOLDER")
            makeMarker(map, "Charlie", COLOUR_AGO_PLACEHOLDER, COORDINATE_PLACEHOLDER, COORDINATE_PLACEHOLDER, ACCURACY_RADIUS_PLACEHOLDER "Last GPS: TIME_AGO_PLACEHOLDER<br>Last Checkin: TIME_AGO_PLACEHOLDER<br>Reason: HeartbeatStatus<br>Battery: BATTERY_VOLTAGE_PLACEHOLDER")
=======
            makeMarker(map, "Rueger", COLOUR_AGO_PLACEHOLDER, COORDINATE_PLACEHOLDER, COORDINATE_PLACEHOLDER, POSACC_PLACEHOLDER "Last GPS: TIME_AGO_PLACEHOLDER<br>Last Checkin: TIME_AGO_PLACEHOLDER<br>Reason: HeartbeatStatus<br>POSACC_PLACEHOLDER.11V")
            makeMarker(map, "Charlie", COLOUR_AGO_PLACEHOLDER, COORDINATE_PLACEHOLDER, COORDINATE_PLACEHOLDER, POSACC_PLACEHOLDER "Last GPS: TIME_AGO_PLACEHOLDER<br>Last Checkin: TIME_AGO_PLACEHOLDER<br>Reason: HeartbeatStatus<br>POSACC_PLACEHOLDER.11V")
>>>>>>> Stashed changes
=======
            makeMarker(map, "Rueger", COLOUR_AGO_PLACEHOLDER, COORDINATE_PLACEHOLDER, COORDINATE_PLACEHOLDER, POSACC_PLACEHOLDER "Last GPS: TIME_AGO_PLACEHOLDER<br>Last Checkin: TIME_AGO_PLACEHOLDER<br>Reason: HeartbeatStatus<br>POSACC_PLACEHOLDER.11V")
            makeMarker(map, "Charlie", COLOUR_AGO_PLACEHOLDER, COORDINATE_PLACEHOLDER, COORDINATE_PLACEHOLDER, POSACC_PLACEHOLDER "Last GPS: TIME_AGO_PLACEHOLDER<br>Last Checkin: TIME_AGO_PLACEHOLDER<br>Reason: HeartbeatStatus<br>POSACC_PLACEHOLDER.11V")
>>>>>>> Stashed changes

            map.fitBounds(bounds);

        }

        initMap();
    </script>

    <div id="map"></div>

</body>

</html>
